Copyright 1986-2017 Xilinx, Inc. All Rights Reserved.
------------------------------------------------------------------------------------
| Tool Version : Vivado v.2017.4 (lin64) Build 2086221 Fri Dec 15 20:54:30 MST 2017
| Date         : Fri Jan  5 16:38:04 2018
| Host         : ubuntu running 64-bit Ubuntu 16.04.3 LTS
| Command      : report_control_sets -verbose -file UART_RX_control_sets_placed.rpt
| Design       : UART_RX
| Device       : xc7a35t
------------------------------------------------------------------------------------

Control Set Information

Table of Contents
-----------------
1. Summary
2. Flip-Flop Distribution
3. Detailed Control Set Information

1. Summary
----------

+----------------------------------------------------------+-------+
|                          Status                          | Count |
+----------------------------------------------------------+-------+
| Number of unique control sets                            |    11 |
| Unused register locations in slices containing registers |    64 |
+----------------------------------------------------------+-------+


2. Flip-Flop Distribution
-------------------------

+--------------+-----------------------+------------------------+-----------------+--------------+
| Clock Enable | Synchronous Set/Reset | Asynchronous Set/Reset | Total Registers | Total Slices |
+--------------+-----------------------+------------------------+-----------------+--------------+
| No           | No                    | No                     |               8 |            3 |
| No           | No                    | Yes                    |               0 |            0 |
| No           | Yes                   | No                     |               0 |            0 |
| Yes          | No                    | No                     |              16 |           14 |
| Yes          | No                    | Yes                    |               0 |            0 |
| Yes          | Yes                   | No                     |               0 |            0 |
+--------------+-----------------------+------------------------+-----------------+--------------+


3. Detailed Control Set Information
-----------------------------------

+------------------+---------------+------------------+------------------+----------------+
|   Clock Signal   | Enable Signal | Set/Reset Signal | Slice Load Count | Bel Load Count |
+------------------+---------------+------------------+------------------+----------------+
|  i_Clk_IBUF_BUFG | r_RX_Byte[4]  |                  |                1 |              1 |
|  i_Clk_IBUF_BUFG | r_RX_Byte[5]  |                  |                1 |              1 |
|  i_Clk_IBUF_BUFG | r_RX_Byte[6]  |                  |                1 |              1 |
|  i_Clk_IBUF_BUFG | r_RX_Byte[0]  |                  |                1 |              1 |
|  i_Clk_IBUF_BUFG | r_RX_Byte[1]  |                  |                1 |              1 |
|  i_Clk_IBUF_BUFG | r_RX_Byte[2]  |                  |                1 |              1 |
|  i_Clk_IBUF_BUFG | r_RX_Byte[3]  |                  |                1 |              1 |
|  i_Clk_IBUF_BUFG | r_RX_DV       |                  |                1 |              1 |
|  i_Clk_IBUF_BUFG | r_RX_Byte[7]  |                  |                1 |              1 |
|  i_Clk_IBUF_BUFG | r_Clk_Count   |                  |                5 |              7 |
|  i_Clk_IBUF_BUFG |               |                  |                3 |              8 |
+------------------+---------------+------------------+------------------+----------------+


+--------+-----------------------+
| Fanout | Number of ControlSets |
+--------+-----------------------+
| 1      |                     9 |
| 7      |                     1 |
| 8      |                     1 |
+--------+-----------------------+


